npm verbose cli /home/kirito/.nvm/versions/node/v22.22.0/bin/node /home/kirito/.nvm/versions/node/v22.22.0/bin/npm
npm info using npm@11.11.0
npm info using node@v22.22.0
npm verbose title npm install
npm verbose argv "install" "--package-lock-only" "--loglevel" "verbose"
npm verbose logfile logs-max:10 dir:/home/kirito/.npm/_logs/2026-05-28T10_47_38_025Z-
npm verbose logfile /home/kirito/.npm/_logs/2026-05-28T10_47_38_025Z-debug-0.log
npm http cache https://registry.npmjs.org/@activetheory%2fsplit-text 12ms (cache hit)
npm http cache https://registry.npmjs.org/@next%2fthird-parties 15ms (cache hit)
npm http cache https://registry.npmjs.org/next 92ms (cache hit)
npm http cache https://registry.npmjs.org/@opentelemetry%2fapi 3ms (cache hit)
npm http cache https://registry.npmjs.org/@playwright%2ftest 29ms (cache hit)
npm http cache https://registry.npmjs.org/babel-plugin-react-compiler 6ms (cache hit)
npm http cache https://registry.npmjs.org/react 24ms (cache hit)
npm http cache https://registry.npmjs.org/react-dom 23ms (cache hit)
npm http cache https://registry.npmjs.org/sass 7ms (cache hit)
npm http cache https://registry.npmjs.org/@opennextjs%2fcloudflare 4ms (cache hit)
npm http cache https://registry.npmjs.org/wrangler 69ms (cache hit)
npm http cache https://registry.npmjs.org/@cloudflare%2fworkers-types 6ms (cache hit)
npm http cache https://registry.npmjs.org/@react-three%2fdrei 7ms (cache hit)
npm http cache https://registry.npmjs.org/@react-three%2ffiber 5ms (cache hit)
npm http cache https://registry.npmjs.org/expo 9ms (cache hit)
npm http cache https://registry.npmjs.org/@expo%2fmetro-runtime 6ms (cache hit)
npm http cache https://registry.npmjs.org/react-native 30ms (cache hit)
npm http cache https://registry.npmjs.org/@react-native%2fjest-preset 3ms (cache hit)
npm http cache https://registry.npmjs.org/react 17ms (cache hit)
npm http cache https://registry.npmjs.org/@types%2freact 9ms (cache hit)
npm http cache https://registry.npmjs.org/react-native-web 4ms (cache hit)
npm http cache https://registry.npmjs.org/react-native-webview 4ms (cache hit)
npm http cache https://registry.npmjs.org/expo-asset 4ms (cache hit)
npm http cache https://registry.npmjs.org/expo-file-system 6ms (cache hit)
npm http cache https://registry.npmjs.org/expo-gl 4ms (cache hit)
npm http cache https://registry.npmjs.org/react-native-reanimated 27ms (cache hit)
npm http cache https://registry.npmjs.org/react-native-worklets 8ms (cache hit)
npm http cache https://registry.npmjs.org/@babel%2fcore 4ms (cache hit)
npm http cache https://registry.npmjs.org/@react-native%2fmetro-config 8ms (cache hit)
npm http cache https://registry.npmjs.org/three 6ms (cache hit)
npm http cache https://registry.npmjs.org/@swc%2fhelpers 3ms (cache hit)
npm http cache https://registry.npmjs.org/gsap 2ms (cache hit)
npm http cache https://registry.npmjs.org/lucide-react 11ms (cache hit)
npm http cache https://registry.npmjs.org/next-intl 8ms (cache hit)
npm http cache https://registry.npmjs.org/posthog-js 18ms (cache hit)
npm http cache https://registry.npmjs.org/react-intersection-observer 4ms (cache hit)
npm http cache https://registry.npmjs.org/sharp 5ms (cache hit)
npm http cache https://registry.npmjs.org/@eslint%2feslintrc 2ms (cache hit)
npm http cache https://registry.npmjs.org/@tailwindcss%2fpostcss 10ms (cache hit)
npm http cache https://registry.npmjs.org/@types%2fnode 22ms (cache hit)
npm http cache https://registry.npmjs.org/@types%2freact-dom 2ms (cache hit)
npm http cache https://registry.npmjs.org/eslint 10ms (cache hit)
npm http cache https://registry.npmjs.org/jiti 3ms (cache hit)
npm http cache https://registry.npmjs.org/eslint-config-next 14ms (cache hit)
npm http cache https://registry.npmjs.org/typescript 40ms (cache hit)
npm http cache https://registry.npmjs.org/tailwindcss 22ms (cache hit)
npm http cache https://registry.npmjs.org/vitepress 5ms (cache hit)
npm http cache https://registry.npmjs.org/markdown-it-mathjax3 1ms (cache hit)
npm http cache https://registry.npmjs.org/postcss 3ms (cache hit)
npm http cache https://registry.npmjs.org/@activetheory%2fbalance-text 14ms (cache hit)
npm http cache https://registry.npmjs.org/debug 16ms (cache hit)
npm http cache https://registry.npmjs.org/globals 19ms (cache hit)
npm http cache https://registry.npmjs.org/espree 24ms (cache hit)
npm http cache https://registry.npmjs.org/ignore 27ms (cache hit)
npm http cache https://registry.npmjs.org/import-fresh 31ms (cache hit)
npm http cache https://registry.npmjs.org/minimatch 32ms (cache hit)
npm http cache https://registry.npmjs.org/js-yaml 37ms (cache hit)
npm http cache https://registry.npmjs.org/ajv 43ms (cache hit)
npm http cache https://registry.npmjs.org/third-party-capital 49ms (cache hit)
npm http cache https://registry.npmjs.org/strip-json-comments 51ms (cache hit)
npm http cache https://registry.npmjs.org/styled-jsx 48ms (cache hit)
npm http cache https://registry.npmjs.org/sharp 46ms (cache hit)
npm http cache https://registry.npmjs.org/caniuse-lite 66ms (cache hit)
npm http cache https://registry.npmjs.org/@next%2fenv 109ms (cache hit)
npm http cache https://registry.npmjs.org/@next%2fswc-darwin-x64 159ms (cache hit)
npm http cache https://registry.npmjs.org/@next%2fswc-linux-x64-gnu 192ms (cache hit)
npm http cache https://registry.npmjs.org/@next%2fswc-darwin-arm64 248ms (cache hit)
npm http cache https://registry.npmjs.org/@next%2fswc-win32-x64-msvc 282ms (cache hit)
npm http cache https://registry.npmjs.org/@next%2fswc-linux-x64-musl 330ms (cache hit)
npm http cache https://registry.npmjs.org/@next%2fswc-linux-arm64-musl 366ms (cache hit)
npm http cache https://registry.npmjs.org/@next%2fswc-linux-arm64-gnu 405ms (cache hit)
npm http cache https://registry.npmjs.org/@next%2fswc-win32-arm64-msvc 485ms (cache hit)
npm http fetch GET 200 https://registry.npmjs.org/@opennextjs%2faws 1326ms (cache revalidated)
npm http fetch GET 200 https://registry.npmjs.org/glob 1115ms (cache revalidated)
npm http fetch GET 200 https://registry.npmjs.org/@dotenvx%2fdotenvx 1397ms (cache revalidated)
npm http fetch GET 200 https://registry.npmjs.org/enquirer 1181ms (cache revalidated)
npm http fetch GET 200 https://registry.npmjs.org/yargs 1007ms (cache revalidated)
npm http cache https://registry.npmjs.org/esbuild 34ms (cache hit)
npm http fetch GET 200 https://registry.npmjs.org/@ast-grep%2fnapi 1603ms (cache revalidated)
npm http fetch GET 200 https://registry.npmjs.org/blake3-wasm 178ms (cache revalidated)
npm http fetch GET 200 https://registry.npmjs.org/path-to-regexp 153ms (cache revalidated)
npm http fetch GET 200 https://registry.npmjs.org/unenv 155ms (cache revalidated)
npm http fetch GET 200 https://registry.npmjs.org/rosie-skills 171ms (cache revalidated)
npm http fetch GET 200 https://registry.npmjs.org/workerd 165ms (cache revalidated)
npm http fetch GET 200 https://registry.npmjs.org/@cloudflare%2fkv-asset-handler 155ms (cache revalidated)
npm http fetch GET 200 https://registry.npmjs.org/miniflare 175ms (cache revalidated)
npm http fetch GET 200 https://registry.npmjs.org/fsevents 217ms (cache revalidated)
npm http fetch GET 200 https://registry.npmjs.org/maath 224ms (cache revalidated)
npm http fetch GET 200 https://registry.npmjs.org/ci-info 1735ms (cache revalidated)
npm http fetch GET 200 https://registry.npmjs.org/scheduler 1921ms (cache revalidated)
npm http fetch GET 200 https://registry.npmjs.org/hls.js 285ms (cache revalidated)
npm http fetch GET 200 https://registry.npmjs.org/zustand 342ms (cache revalidated)
npm http fetch GET 200 https://registry.npmjs.org/@cloudflare%2funenv-preset 496ms (cache revalidated)
npm http fetch GET 200 https://registry.npmjs.org/detect-gpu 436ms (cache revalidated)
npm http fetch GET 200 https://registry.npmjs.org/cross-env 490ms (cache revalidated)
npm http fetch GET 200 https://registry.npmjs.org/meshline 540ms (cache revalidated)
npm http fetch GET 200 https://registry.npmjs.org/glsl-noise 311ms (cache revalidated)
npm http fetch GET 200 https://registry.npmjs.org/ts-tqdm 2071ms (cache revalidated)
npm http fetch GET 200 https://registry.npmjs.org/cloudflare 2634ms (cache revalidated)
npm http fetch GET 200 https://registry.npmjs.org/three-stdlib 850ms (cache revalidated)
npm http fetch GET 200 https://registry.npmjs.org/tunnel-rat 902ms (cache revalidated)
npm http fetch GET 200 https://registry.npmjs.org/suspend-react 720ms (cache revalidated)
npm http fetch GET 200 https://registry.npmjs.org/troika-three-text 251ms (cache revalidated)
npm http fetch GET 200 https://registry.npmjs.org/stats.js 1226ms (cache revalidated)
npm http fetch GET 200 https://registry.npmjs.org/camera-controls 693ms (cache revalidated)
npm http fetch GET 200 https://registry.npmjs.org/use-sync-external-store 128ms (cache revalidated)
npm http fetch GET 200 https://registry.npmjs.org/stats-gl 1388ms (cache revalidated)
npm http fetch GET 200 https://registry.npmjs.org/@babel%2fruntime 165ms (cache revalidated)
npm http fetch GET 200 https://registry.npmjs.org/@types%2fwebxr 142ms (cache revalidated)
npm http fetch GET 200 https://registry.npmjs.org/@monogrid%2fgainmap-js 289ms (cache revalidated)
npm http fetch GET 200 https://registry.npmjs.org/@use-gesture%2freact 307ms (cache revalidated)
npm http cache https://registry.npmjs.org/scheduler 21ms (cache hit)
npm http fetch GET 200 https://registry.npmjs.org/@mediapipe%2ftasks-vision 273ms (cache revalidated)
npm http cache https://registry.npmjs.org/tailwindcss 30ms (cache hit)
npm http fetch GET 200 https://registry.npmjs.org/base64-js 200ms (cache revalidated)
npm http fetch GET 200 https://registry.npmjs.org/its-fine 182ms (cache revalidated)
npm http fetch GET 200 https://registry.npmjs.org/buffer 215ms (cache revalidated)
npm http fetch GET 200 https://registry.npmjs.org/tslib 199ms (cache revalidated)
npm http fetch GET 200 https://registry.npmjs.org/utility-types 1165ms (cache revalidated)
npm http fetch GET 200 https://registry.npmjs.org/@babel%2fruntime 1263ms (cache revalidated)
npm http fetch GET 200 https://registry.npmjs.org/three-mesh-bvh 1289ms (cache revalidated)
npm http fetch GET 200 https://registry.npmjs.org/@tailwindcss%2foxide 248ms (cache revalidated)
npm http fetch GET 200 https://registry.npmjs.org/esquery 203ms (cache revalidated)
npm http fetch GET 200 https://registry.npmjs.org/chalk 234ms (cache revalidated)
npm http fetch GET 200 https://registry.npmjs.org/find-up 203ms (cache revalidated)
npm http fetch GET 200 https://registry.npmjs.org/@alloc%2fquick-lru 564ms (cache revalidated)
npm http fetch GET 200 https://registry.npmjs.org/is-glob 204ms (cache revalidated)
npm http fetch GET 200 https://registry.npmjs.org/optionator 199ms (cache revalidated)
npm http fetch GET 200 https://registry.npmjs.org/@eslint%2fjs 217ms (cache revalidated)
npm http fetch GET 200 https://registry.npmjs.org/@tailwindcss%2fnode 649ms (cache revalidated)
npm http fetch GET 200 https://registry.npmjs.org/glob-parent 245ms (cache revalidated)
npm http fetch GET 200 https://registry.npmjs.org/imurmurhash 247ms (cache revalidated)
npm http fetch GET 200 https://registry.npmjs.org/@eslint%2fcore 251ms (cache revalidated)
npm http fetch GET 200 https://registry.npmjs.org/eslint-scope 255ms (cache revalidated)
npm http fetch GET 200 https://registry.npmjs.org/react-use-measure 1027ms (cache revalidated)
npm http fetch GET 200 https://registry.npmjs.org/undici-types 856ms (cache revalidated)
npm http fetch GET 200 https://registry.npmjs.org/esutils 666ms (cache revalidated)
npm http fetch GET 200 https://registry.npmjs.org/lodash.merge 230ms (cache revalidated)
npm http fetch GET 200 https://registry.npmjs.org/fast-deep-equal 237ms (cache revalidated)
npm http fetch GET 200 https://registry.npmjs.org/@humanfs%2fnode 266ms (cache revalidated)
npm http fetch GET 200 https://registry.npmjs.org/natural-compare 238ms (cache revalidated)
npm http fetch GET 200 https://registry.npmjs.org/cross-spawn 629ms (cache revalidated)
npm http fetch GET 200 https://registry.npmjs.org/file-entry-cache 235ms (cache revalidated)
npm http fetch GET 200 https://registry.npmjs.org/eslint-visitor-keys 230ms (cache revalidated)
npm http fetch GET 200 https://registry.npmjs.org/csstype 1098ms (cache revalidated)
npm http fetch GET 200 https://registry.npmjs.org/@eslint%2fconfig-array 239ms (cache revalidated)
npm http fetch GET 200 https://registry.npmjs.org/@humanwhocodes%2fretry 256ms (cache revalidated)
npm http fetch GET 200 https://registry.npmjs.org/escape-string-regexp 250ms (cache revalidated)
npm http fetch GET 200 https://registry.npmjs.org/@eslint%2fconfig-helpers 256ms (cache revalidated)
npm http fetch GET 200 https://registry.npmjs.org/@eslint-community%2fregexpp 270ms (cache revalidated)
npm http fetch GET 200 https://registry.npmjs.org/@eslint-community%2feslint-utils 249ms (cache revalidated)
npm http fetch GET 200 https://registry.npmjs.org/json-stable-stringify-without-jsonify 242ms (cache revalidated)
npm http fetch GET 200 https://registry.npmjs.org/eslint-plugin-react 238ms (cache revalidated)
npm http fetch GET 200 https://registry.npmjs.org/@humanwhocodes%2fmodule-importer 258ms (cache revalidated)
npm http fetch GET 200 https://registry.npmjs.org/@types%2festree 703ms (cache revalidated)
npm http fetch GET 200 https://registry.npmjs.org/eslint-plugin-import 224ms (cache revalidated)
npm http fetch GET 200 https://registry.npmjs.org/eslint-plugin-jsx-a11y 237ms (cache revalidated)
npm http fetch GET 200 https://registry.npmjs.org/@rushstack%2feslint-patch 279ms (cache revalidated)
npm http fetch GET 200 https://registry.npmjs.org/@next%2feslint-plugin-next 268ms (cache revalidated)
npm http fetch GET 200 https://registry.npmjs.org/eslint-import-resolver-node 289ms (cache revalidated)
npm http fetch GET 200 https://registry.npmjs.org/eslint-plugin-react-hooks 316ms (cache revalidated)
npm http fetch GET 200 https://registry.npmjs.org/@typescript-eslint%2fparser 408ms (cache revalidated)
npm http fetch GET 200 https://registry.npmjs.org/eslint-import-resolver-typescript 433ms (cache revalidated)
npm http fetch GET 200 https://registry.npmjs.org/@parcel%2fwatcher 391ms (cache revalidated)
npm http fetch GET 200 https://registry.npmjs.org/@formatjs%2fintl-localematcher 405ms (cache revalidated)
npm http fetch GET 200 https://registry.npmjs.org/@typescript-eslint%2feslint-plugin 535ms (cache revalidated)
npm http fetch GET 200 https://registry.npmjs.org/@eslint%2fplugin-kit 1154ms (cache revalidated)
npm http cache https://registry.npmjs.org/@opentelemetry%2fresources 10ms (cache hit)
npm http cache https://registry.npmjs.org/@opentelemetry%2fsdk-logs 11ms (cache hit)
npm http cache https://registry.npmjs.org/core-js 14ms (cache hit)
npm http cache https://registry.npmjs.org/dompurify 19ms (cache hit)
npm http cache https://registry.npmjs.org/fflate 11ms (cache hit)
npm http cache https://registry.npmjs.org/preact 9ms (cache hit)
npm http cache https://registry.npmjs.org/query-selector-shadow-dom 20ms (cache hit)
npm http cache https://registry.npmjs.org/web-vitals 5ms (cache hit)
npm http cache https://registry.npmjs.org/@posthog%2fcore 3ms (cache hit)
npm http cache https://registry.npmjs.org/@posthog%2ftypes 13ms (cache hit)
npm http fetch GET 200 https://registry.npmjs.org/icu-minify 459ms (cache revalidated)
npm http cache https://registry.npmjs.org/@img%2fcolour 11ms (cache hit)
npm http cache https://registry.npmjs.org/semver 19ms (cache hit)
npm http cache https://registry.npmjs.org/detect-libc 13ms (cache hit)
npm http cache https://registry.npmjs.org/@img%2fsharp-linux-arm 5ms (cache hit)
npm http cache https://registry.npmjs.org/@img%2fsharp-wasm32 11ms (cache hit)
npm http cache https://registry.npmjs.org/@img%2fsharp-linux-x64 7ms (cache hit)
npm http cache https://registry.npmjs.org/@img%2fsharp-win32-x64 7ms (cache hit)
npm http cache https://registry.npmjs.org/@img%2fsharp-darwin-x64 7ms (cache hit)
npm http cache https://registry.npmjs.org/@img%2fsharp-win32-ia32 7ms (cache hit)
npm http cache https://registry.npmjs.org/@img%2fsharp-linux-arm64 8ms (cache hit)
npm http cache https://registry.npmjs.org/@img%2fsharp-linux-ppc64 6ms (cache hit)
npm http cache https://registry.npmjs.org/@img%2fsharp-linux-s390x 7ms (cache hit)
npm http fetch GET 200 https://registry.npmjs.org/comment-json 5376ms (cache revalidated)
npm http cache https://registry.npmjs.org/@img%2fsharp-win32-arm64 9ms (cache hit)
npm http cache https://registry.npmjs.org/@img%2fsharp-darwin-arm64 9ms (cache hit)
npm http cache https://registry.npmjs.org/@img%2fsharp-linux-riscv64 9ms (cache hit)
npm http cache https://registry.npmjs.org/@img%2fsharp-linuxmusl-x64 14ms (cache hit)
npm http cache https://registry.npmjs.org/@img%2fsharp-libvips-linux-x64 10ms (cache hit)
npm http cache https://registry.npmjs.org/@img%2fsharp-linuxmusl-arm64 14ms (cache hit)
npm http cache https://registry.npmjs.org/@img%2fsharp-libvips-linux-arm 14ms (cache hit)
npm http cache https://registry.npmjs.org/@img%2fsharp-libvips-darwin-x64 7ms (cache hit)
npm http cache https://registry.npmjs.org/@img%2fsharp-libvips-linux-arm64 8ms (cache hit)
npm http cache https://registry.npmjs.org/@img%2fsharp-libvips-linux-ppc64 7ms (cache hit)
npm http cache https://registry.npmjs.org/@img%2fsharp-libvips-linux-s390x 7ms (cache hit)
npm http cache https://registry.npmjs.org/@img%2fsharp-libvips-darwin-arm64 7ms (cache hit)
npm http cache https://registry.npmjs.org/@img%2fsharp-libvips-linux-riscv64 6ms (cache hit)
npm http cache https://registry.npmjs.org/@img%2fsharp-libvips-linuxmusl-x64 6ms (cache hit)
npm http cache https://registry.npmjs.org/@img%2fsharp-libvips-linuxmusl-arm64 7ms (cache hit)
npm http cache https://registry.npmjs.org/vue 16ms (cache hit)
npm http cache https://registry.npmjs.org/shiki 48ms (cache hit)
npm http cache https://registry.npmjs.org/mark.js 53ms (cache hit)
npm http cache https://registry.npmjs.org/vite 117ms (cache hit)
npm http fetch GET 200 https://registry.npmjs.org/negotiator 898ms (cache revalidated)
npm http fetch GET 200 https://registry.npmjs.org/next-intl-swc-plugin-extractor 822ms (cache revalidated)
npm http fetch GET 200 https://registry.npmjs.org/@swc%2fcore 1029ms (cache revalidated)
npm http fetch GET 200 https://registry.npmjs.org/po-parser 755ms (cache revalidated)
npm http fetch GET 200 https://registry.npmjs.org/@opentelemetry%2fapi-logs 745ms (cache revalidated)
npm http fetch GET 200 https://registry.npmjs.org/@opentelemetry%2fexporter-logs-otlp-http 745ms (cache revalidated)
npm http fetch GET 200 https://registry.npmjs.org/use-intl 755ms (cache revalidated)
npm http cache https://registry.npmjs.org/focus-trap 418ms (cache hit)
npm http cache https://registry.npmjs.org/minisearch 406ms (cache hit)
npm http cache https://registry.npmjs.org/@vue%2fshared 409ms (cache hit)
npm http cache https://registry.npmjs.org/@shikijs%2fcore 101ms (cache hit)
npm http cache https://registry.npmjs.org/@vueuse%2fcore 116ms (cache hit)
npm http cache https://registry.npmjs.org/@docsearch%2fcss 86ms (cache hit)
npm http cache https://registry.npmjs.org/@docsearch%2fjs 133ms (cache hit)
npm http cache https://registry.npmjs.org/@shikijs%2ftypes 82ms (cache hit)
npm http cache https://registry.npmjs.org/@types%2fmarkdown-it 112ms (cache hit)
npm http cache https://registry.npmjs.org/@vue%2fdevtools-api 117ms (cache hit)
npm http cache https://registry.npmjs.org/@vitejs%2fplugin-vue 107ms (cache hit)
npm http cache https://registry.npmjs.org/@vueuse%2fintegrations 101ms (cache hit)
npm http cache https://registry.npmjs.org/@shikijs%2ftransformers 104ms (cache hit)
npm http cache https://registry.npmjs.org/@iconify-json%2fsimple-icons 102ms (cache hit)
npm http cache https://registry.npmjs.org/resolve-from 9ms (cache hit)
npm http cache https://registry.npmjs.org/fast-json-stable-stringify 12ms (cache hit)
npm http cache https://registry.npmjs.org/uri-js 12ms (cache hit)
npm http cache https://registry.npmjs.org/acorn-jsx 12ms (cache hit)
npm http cache https://registry.npmjs.org/acorn 14ms (cache hit)
npm http cache https://registry.npmjs.org/argparse 18ms (cache hit)
npm http cache https://registry.npmjs.org/json-schema-traverse 21ms (cache hit)
npm http cache https://registry.npmjs.org/parent-module 20ms (cache hit)
npm http cache https://registry.npmjs.org/ms 22ms (cache hit)
npm http cache https://registry.npmjs.org/brace-expansion 22ms (cache hit)
npm http cache https://registry.npmjs.org/next 60ms (cache hit)
npm http cache https://registry.npmjs.org/react 13ms (cache hit)
npm http cache https://registry.npmjs.org/react-dom 17ms (cache hit)
npm http cache https://registry.npmjs.org/@ast-grep%2fnapi-darwin-arm64 18ms (cache hit)
npm http cache https://registry.npmjs.org/@ast-grep%2fnapi-win32-x64-msvc 21ms (cache hit)
npm http cache https://registry.npmjs.org/@ast-grep%2fnapi-linux-x64-gnu 26ms (cache hit)
npm http cache https://registry.npmjs.org/@ast-grep%2fnapi-linux-arm64-gnu 28ms (cache hit)
npm http cache https://registry.npmjs.org/@ast-grep%2fnapi-linux-arm64-musl 31ms (cache hit)
npm http cache https://registry.npmjs.org/@ast-grep%2fnapi-linux-x64-musl 36ms (cache hit)
npm http cache https://registry.npmjs.org/@ast-grep%2fnapi-darwin-x64 42ms (cache hit)
npm http cache https://registry.npmjs.org/@ast-grep%2fnapi-win32-ia32-msvc 45ms (cache hit)
npm http cache https://registry.npmjs.org/fdir 46ms (cache hit)
npm http cache https://registry.npmjs.org/@ast-grep%2fnapi-win32-arm64-msvc 49ms (cache hit)
npm http cache https://registry.npmjs.org/execa 51ms (cache hit)
npm http cache https://registry.npmjs.org/which 42ms (cache hit)
npm http cache https://registry.npmjs.org/dotenv 41ms (cache hit)
npm http cache https://registry.npmjs.org/eciesjs 43ms (cache hit)
npm http cache https://registry.npmjs.org/picomatch 37ms (cache hit)
npm http cache https://registry.npmjs.org/yaml 31ms (cache hit)
npm http cache https://registry.npmjs.org/commander 48ms (cache hit)
npm http cache https://registry.npmjs.org/object-treeify 48ms (cache hit)
npm http cache https://registry.npmjs.org/cookie 43ms (cache hit)
npm http cache https://registry.npmjs.org/express 40ms (cache hit)
npm http cache https://registry.npmjs.org/aws4fetch 48ms (cache hit)
npm http cache https://registry.npmjs.org/esbuild 57ms (cache hit)
npm http cache https://registry.npmjs.org/@node-minify%2fcore 54ms (cache hit)
npm http cache https://registry.npmjs.org/@tsconfig%2fnode18 60ms (cache hit)
npm http cache https://registry.npmjs.org/@aws-sdk%2fclient-sqs 57ms (cache hit)
npm http cache https://registry.npmjs.org/@aws-sdk%2fclient-s3 80ms (cache hit)
npm http cache https://registry.npmjs.org/urlpattern-polyfill 94ms (cache hit)
npm http cache https://registry.npmjs.org/@aws-sdk%2fclient-dynamodb 92ms (cache hit)
npm http cache https://registry.npmjs.org/@node-minify%2fterser 121ms (cache hit)
npm http cache https://registry.npmjs.org/node-fetch 97ms (cache hit)
npm http cache https://registry.npmjs.org/@aws-sdk%2fclient-lambda 127ms (cache hit)
npm http cache https://registry.npmjs.org/@types%2fnode 134ms (cache hit)
npm http cache https://registry.npmjs.org/@aws-sdk%2fclient-cloudfront 258ms (cache hit)
npm http cache https://registry.npmjs.org/formdata-node 264ms (cache hit)
npm http cache https://registry.npmjs.org/agentkeepalive 267ms (cache hit)
npm http cache https://registry.npmjs.org/@types%2fnode-fetch 220ms (cache hit)
npm http cache https://registry.npmjs.org/abort-controller 252ms (cache hit)
npm http cache https://registry.npmjs.org/form-data-encoder 221ms (cache hit)
npm http cache https://registry.npmjs.org/esprima 204ms (cache hit)
npm http cache https://registry.npmjs.org/ansi-colors 201ms (cache hit)
npm http cache https://registry.npmjs.org/array-timsort 212ms (cache hit)
npm http cache https://registry.npmjs.org/strip-ansi 180ms (cache hit)
npm http cache https://registry.npmjs.org/minipass 58ms (cache hit)
npm http cache https://registry.npmjs.org/jackspeak 36ms (cache hit)
npm http cache https://registry.npmjs.org/path-scurry 31ms (cache hit)
npm http cache https://registry.npmjs.org/cliui 26ms (cache hit)
npm http cache https://registry.npmjs.org/foreground-child 32ms (cache hit)
npm http cache https://registry.npmjs.org/escalade 27ms (cache hit)
npm http cache https://registry.npmjs.org/package-json-from-dist 32ms (cache hit)
npm http cache https://registry.npmjs.org/string-width 19ms (cache hit)
npm http cache https://registry.npmjs.org/get-caller-file 27ms (cache hit)
npm http cache https://registry.npmjs.org/y18n 20ms (cache hit)
npm http cache https://registry.npmjs.org/yargs-parser 20ms (cache hit)
npm http cache https://registry.npmjs.org/@ecies%2fciphers 14ms (cache hit)
npm http cache https://registry.npmjs.org/@noble%2fcurves 16ms (cache hit)
npm http cache https://registry.npmjs.org/is-stream 18ms (cache hit)
npm http cache https://registry.npmjs.org/@noble%2fhashes 20ms (cache hit)
npm http cache https://registry.npmjs.org/signal-exit 21ms (cache hit)
npm http cache https://registry.npmjs.org/onetime 23ms (cache hit)
npm http cache https://registry.npmjs.org/human-signals 22ms (cache hit)
npm http cache https://registry.npmjs.org/@noble%2fciphers 25ms (cache hit)
npm http cache https://registry.npmjs.org/npm-run-path 26ms (cache hit)
npm http cache https://registry.npmjs.org/merge-stream 26ms (cache hit)
npm http cache https://registry.npmjs.org/get-stream 28ms (cache hit)
npm http cache https://registry.npmjs.org/strip-final-newline 17ms (cache hit)
npm http cache https://registry.npmjs.org/isexe 14ms (cache hit)
npm http cache https://registry.npmjs.org/@smithy%2furl-parser 14ms (cache hit)
npm http cache https://registry.npmjs.org/@smithy%2ftypes 20ms (cache hit)
npm http cache https://registry.npmjs.org/@smithy%2fcore 25ms (cache hit)
npm http cache https://registry.npmjs.org/@aws-sdk%2ftypes 34ms (cache hit)
npm http cache https://registry.npmjs.org/@aws-sdk%2fcore 44ms (cache hit)
npm http cache https://registry.npmjs.org/@smithy%2futil-retry 52ms (cache hit)
npm http cache https://registry.npmjs.org/@smithy%2futil-utf8 56ms (cache hit)
npm http cache https://registry.npmjs.org/@smithy%2futil-base64 56ms (cache hit)
npm http cache https://registry.npmjs.org/@smithy%2fhash-node 59ms (cache hit)
npm http cache https://registry.npmjs.org/@smithy%2futil-stream 62ms (cache hit)
npm http cache https://registry.npmjs.org/@smithy%2futil-waiter 77ms (cache hit)
npm http cache https://registry.npmjs.org/@aws-sdk%2futil-endpoints 39ms (cache hit)
npm http cache https://registry.npmjs.org/@smithy%2fsmithy-client 65ms (cache hit)
npm http cache https://registry.npmjs.org/@aws-crypto%2fsha256-js 85ms (cache hit)
npm http cache https://registry.npmjs.org/@smithy%2fprotocol-http 82ms (cache hit)
npm http cache https://registry.npmjs.org/@smithy%2futil-endpoints 67ms (cache hit)
npm http cache https://registry.npmjs.org/@smithy%2fmiddleware-retry 51ms (cache hit)
npm http cache https://registry.npmjs.org/@smithy%2fmiddleware-stack 38ms (cache hit)
npm http cache https://registry.npmjs.org/@smithy%2fconfig-resolver 62ms (cache hit)
npm http cache https://registry.npmjs.org/@smithy%2futil-middleware 64ms (cache hit)
npm http cache https://registry.npmjs.org/@smithy%2fmiddleware-serde 61ms (cache hit)
npm http cache https://registry.npmjs.org/@smithy%2fnode-http-handler 45ms (cache hit)
npm http cache https://registry.npmjs.org/@smithy%2ffetch-http-handler 31ms (cache hit)
npm http cache https://registry.npmjs.org/@aws-crypto%2fsha256-browser 43ms (cache hit)
npm http cache https://registry.npmjs.org/@aws-sdk%2fmiddleware-logger 39ms (cache hit)
npm http cache https://registry.npmjs.org/@smithy%2finvalid-dependency 39ms (cache hit)
npm http cache https://registry.npmjs.org/@smithy%2fnode-config-provider 32ms (cache hit)
npm http cache https://registry.npmjs.org/@smithy%2fmiddleware-endpoint 42ms (cache hit)
npm http cache https://registry.npmjs.org/@smithy%2futil-body-length-node 40ms (cache hit)
npm http cache https://registry.npmjs.org/@aws-sdk%2fmiddleware-host-header 36ms (cache hit)
npm http cache https://registry.npmjs.org/@aws-sdk%2futil-user-agent-node 52ms (cache hit)
npm http cache https://registry.npmjs.org/@aws-sdk%2fregion-config-resolver 48ms (cache hit)
npm http cache https://registry.npmjs.org/@aws-sdk%2fmiddleware-user-agent 58ms (cache hit)
npm http cache https://registry.npmjs.org/@smithy%2futil-body-length-browser 53ms (cache hit)
npm http cache https://registry.npmjs.org/@smithy%2futil-defaults-mode-node 62ms (cache hit)
npm http cache https://registry.npmjs.org/@aws-sdk%2futil-user-agent-browser 65ms (cache hit)
npm http cache https://registry.npmjs.org/@aws-sdk%2fdynamodb-codec 43ms (cache hit)
npm http cache https://registry.npmjs.org/@aws-sdk%2fcredential-provider-node 69ms (cache hit)
npm http cache https://registry.npmjs.org/@smithy%2fmiddleware-content-length 77ms (cache hit)
npm http cache https://registry.npmjs.org/@smithy%2futil-defaults-mode-node 52ms (cache hit)
npm http cache https://registry.npmjs.org/@aws-sdk%2fmiddleware-recursion-detection 75ms (cache hit)
npm http cache https://registry.npmjs.org/@aws-sdk%2futil-user-agent-browser 54ms (cache hit)
npm http cache https://registry.npmjs.org/@aws-sdk%2fmiddleware-user-agent 72ms (cache hit)
npm http cache https://registry.npmjs.org/@smithy%2futil-defaults-mode-browser 105ms (cache hit)
npm http cache https://registry.npmjs.org/@aws-sdk%2fcredential-provider-node 75ms (cache hit)
npm http cache https://registry.npmjs.org/@smithy%2futil-defaults-mode-browser 77ms (cache hit)
npm http cache https://registry.npmjs.org/@smithy%2fmiddleware-content-length 87ms (cache hit)
npm http cache https://registry.npmjs.org/@smithy%2feventstream-serde-node 69ms (cache hit)
npm http cache https://registry.npmjs.org/@aws-sdk%2fmiddleware-recursion-detection 77ms (cache hit)
npm http cache https://registry.npmjs.org/@aws-sdk%2fmiddleware-endpoint-discovery 96ms (cache hit)
npm http cache https://registry.npmjs.org/@smithy%2feventstream-serde-browser 79ms (cache hit)
npm http cache https://registry.npmjs.org/@smithy%2feventstream-serde-config-resolver 71ms (cache hit)
npm http cache https://registry.npmjs.org/@smithy%2futil-defaults-mode-browser 81ms (cache hit)
npm http cache https://registry.npmjs.org/@aws-crypto%2fsha1-browser 60ms (cache hit)
npm http cache https://registry.npmjs.org/@smithy%2fmd5-js 70ms (cache hit)
npm http cache https://registry.npmjs.org/@aws-sdk%2fmiddleware-ssec 52ms (cache hit)
npm http cache https://registry.npmjs.org/@smithy%2fhash-stream-node 52ms (cache hit)
npm http cache https://registry.npmjs.org/@smithy%2fhash-blob-browser 51ms (cache hit)
npm http cache https://registry.npmjs.org/@aws-sdk%2fmiddleware-sdk-s3 49ms (cache hit)
npm http cache https://registry.npmjs.org/@smithy%2feventstream-serde-browser 51ms (cache hit)
npm http cache https://registry.npmjs.org/@aws-sdk%2fsignature-v4-multi-region 49ms (cache hit)
npm http cache https://registry.npmjs.org/@aws-sdk%2fmiddleware-location-constraint 45ms (cache hit)
npm http cache https://registry.npmjs.org/@aws-sdk%2fmiddleware-flexible-checksums 52ms (cache hit)
npm http cache https://registry.npmjs.org/@aws-sdk%2fmiddleware-expect-continue 68ms (cache hit)
npm http cache https://registry.npmjs.org/@aws-sdk%2fmiddleware-bucket-endpoint 77ms (cache hit)
npm http cache https://registry.npmjs.org/@aws-sdk%2fmiddleware-sdk-sqs 71ms (cache hit)
npm http cache https://registry.npmjs.org/mkdirp 74ms (cache hit)
npm http cache https://registry.npmjs.org/@node-minify%2futils 73ms (cache hit)
npm http cache https://registry.npmjs.org/@node-minify%2futils 62ms (cache hit)
npm http cache https://registry.npmjs.org/terser 74ms (cache hit)
npm http cache https://registry.npmjs.org/@esbuild%2faix-ppc64 68ms (cache hit)
npm http cache https://registry.npmjs.org/@esbuild%2flinux-arm 62ms (cache hit)
npm http cache https://registry.npmjs.org/@esbuild%2fsunos-x64 46ms (cache hit)
npm http cache https://registry.npmjs.org/@esbuild%2fwin32-x64 43ms (cache hit)
npm http cache https://registry.npmjs.org/@esbuild%2fdarwin-x64 38ms (cache hit)
npm http cache https://registry.npmjs.org/@esbuild%2flinux-x64 65ms (cache hit)
npm http cache https://registry.npmjs.org/@esbuild%2flinux-ia32 36ms (cache hit)
npm http cache https://registry.npmjs.org/@esbuild%2fnetbsd-x64 32ms (cache hit)
npm http cache https://registry.npmjs.org/@esbuild%2fandroid-arm 31ms (cache hit)
npm http cache https://registry.npmjs.org/@esbuild%2fwin32-ia32 36ms (cache hit)
npm http cache https://registry.npmjs.org/@esbuild%2fandroid-x64 28ms (cache hit)
npm http cache https://registry.npmjs.org/@esbuild%2flinux-arm64 26ms (cache hit)
npm http cache https://registry.npmjs.org/@esbuild%2ffreebsd-x64 31ms (cache hit)
npm http cache https://registry.npmjs.org/@esbuild%2flinux-s390x 30ms (cache hit)
npm http cache https://registry.npmjs.org/@esbuild%2flinux-ppc64 34ms (cache hit)
npm http cache https://registry.npmjs.org/@esbuild%2fwin32-arm64 30ms (cache hit)
npm http cache https://registry.npmjs.org/@esbuild%2fopenbsd-x64 34ms (cache hit)
npm http cache https://registry.npmjs.org/@esbuild%2fdarwin-arm64 32ms (cache hit)
npm http cache https://registry.npmjs.org/@esbuild%2fnetbsd-arm64 32ms (cache hit)
npm http cache https://registry.npmjs.org/@esbuild%2flinux-riscv64 25ms (cache hit)
npm http cache https://registry.npmjs.org/@esbuild%2flinux-loong64 29ms (cache hit)
npm http cache https://registry.npmjs.org/@esbuild%2fandroid-arm64 35ms (cache hit)
npm http cache https://registry.npmjs.org/@esbuild%2ffreebsd-arm64 36ms (cache hit)
npm http cache https://registry.npmjs.org/@esbuild%2fopenbsd-arm64 32ms (cache hit)
npm http cache https://registry.npmjs.org/@esbuild%2flinux-mips64el 27ms (cache hit)
npm http cache https://registry.npmjs.org/depd 25ms (cache hit)
npm http cache https://registry.npmjs.org/etag 24ms (cache hit)
npm http cache https://registry.npmjs.org/once 23ms (cache hit)
npm http cache https://registry.npmjs.org/qs 31ms (cache hit)
npm http cache https://registry.npmjs.org/send 33ms (cache hit)
npm http cache https://registry.npmjs.org/fresh 31ms (cache hit)
npm http cache https://registry.npmjs.org/router 30ms (cache hit)
npm http cache https://registry.npmjs.org/parseurl 26ms (cache hit)
npm http cache https://registry.npmjs.org/accepts 30ms (cache hit)
npm http cache https://registry.npmjs.org/vary 40ms (cache hit)
npm http cache https://registry.npmjs.org/type-is 32ms (cache hit)
npm http cache https://registry.npmjs.org/statuses 31ms (cache hit)
npm http cache https://registry.npmjs.org/encodeurl 31ms (cache hit)
npm http cache https://registry.npmjs.org/mime-types 31ms (cache hit)
npm http cache https://registry.npmjs.org/proxy-addr 29ms (cache hit)
npm http cache https://registry.npmjs.org/body-parser 21ms (cache hit)
npm http cache https://registry.npmjs.org/http-errors 21ms (cache hit)
npm http cache https://registry.npmjs.org/escape-html 24ms (cache hit)
npm http cache https://registry.npmjs.org/on-finished 22ms (cache hit)
npm http cache https://registry.npmjs.org/content-type 21ms (cache hit)
npm http cache https://registry.npmjs.org/range-parser 19ms (cache hit)
npm http cache https://registry.npmjs.org/merge-descriptors 16ms (cache hit)
npm http cache https://registry.npmjs.org/finalhandler 22ms (cache hit)
npm http cache https://registry.npmjs.org/cookie-signature 20ms (cache hit)
npm http cache https://registry.npmjs.org/serve-static 22ms (cache hit)
npm http cache https://registry.npmjs.org/content-disposition 19ms (cache hit)
npm http cache https://registry.npmjs.org/@aws-sdk%2futil-locate-window 17ms (cache hit)
npm http cache https://registry.npmjs.org/@smithy%2fsignature-v4 17ms (cache hit)
npm http cache https://registry.npmjs.org/@aws-crypto%2fsupports-web-crypto 23ms (cache hit)
npm http cache https://registry.npmjs.org/@aws-sdk%2fxml-builder 22ms (cache hit)
npm http cache https://registry.npmjs.org/@aws-sdk%2fcredential-provider-http 24ms (cache hit)
npm http cache https://registry.npmjs.org/@aws-sdk%2fcredential-provider-env 31ms (cache hit)
npm http cache https://registry.npmjs.org/@aws-crypto%2futil 41ms (cache hit)
npm http cache https://registry.npmjs.org/bowser 39ms (cache hit)
npm http cache https://registry.npmjs.org/@aws%2flambda-invoke-store 42ms (cache hit)
npm http cache https://registry.npmjs.org/@aws-sdk%2fcredential-provider-ini 44ms (cache hit)
npm http cache https://registry.npmjs.org/@aws-crypto%2futil 60ms (cache hit)
npm http cache https://registry.npmjs.org/@aws-sdk%2fcredential-provider-sso 42ms (cache hit)
npm http cache https://registry.npmjs.org/@aws-sdk%2fcredential-provider-process 56ms (cache hit)
npm http cache https://registry.npmjs.org/@smithy%2fcredential-provider-imds 60ms (cache hit)
npm http cache https://registry.npmjs.org/@aws-sdk%2fcredential-provider-web-identity 67ms (cache hit)
npm http cache https://registry.npmjs.org/@aws-crypto%2fcrc32 63ms (cache hit)
npm http cache https://registry.npmjs.org/@smithy%2futil-buffer-from 2ms (cache hit)
npm http cache https://registry.npmjs.org/@aws-sdk%2fendpoint-cache 2ms (cache hit)
npm http cache https://registry.npmjs.org/@aws-crypto%2fcrc32c 9ms (cache hit)
npm http cache https://registry.npmjs.org/@aws-sdk%2fcrc64-nvme 10ms (cache hit)
npm http cache https://registry.npmjs.org/fast-xml-parser 3ms (cache hit)
npm http cache https://registry.npmjs.org/@aws-sdk%2fcredential-provider-login 6ms (cache hit)
npm http cache https://registry.npmjs.org/@aws-sdk%2ftoken-providers 9ms (cache hit)
npm http cache https://registry.npmjs.org/@aws-sdk%2fnested-clients 17ms (cache hit)
npm http cache https://registry.npmjs.org/@aws-sdk%2fnested-clients 22ms (cache hit)
npm http cache https://registry.npmjs.org/@aws-sdk%2fnested-clients 30ms (cache hit)
npm http cache https://registry.npmjs.org/mnemonist 7ms (cache hit)
npm http cache https://registry.npmjs.org/obliterator 2ms (cache hit)
npm http cache https://registry.npmjs.org/fast-xml-builder 4ms (cache hit)
npm http cache https://registry.npmjs.org/@nodable%2fentities 5ms (cache hit)
npm http cache https://registry.npmjs.org/path-expression-matcher 6ms (cache hit)
npm http cache https://registry.npmjs.org/strnum 6ms (cache hit)
npm http cache https://registry.npmjs.org/gzip-size 4ms (cache hit)
npm http cache https://registry.npmjs.org/fs.realpath 4ms (cache hit)
npm http cache https://registry.npmjs.org/@jridgewell%2fsource-map 2ms (cache hit)
npm http cache https://registry.npmjs.org/source-map-support 4ms (cache hit)
npm http cache https://registry.npmjs.org/duplexer 2ms (cache hit)
npm http cache https://registry.npmjs.org/@types%2fthree 4ms (cache hit)
npm http cache https://registry.npmjs.org/@types%2freact 5ms (cache hit)
npm http cache https://registry.npmjs.org/immer 2ms (cache hit)
npm http cache https://registry.npmjs.org/react 13ms (cache hit)
npm http cache https://registry.npmjs.org/promise-worker-transferable 13ms (cache hit)
npm http cache https://registry.npmjs.org/meshoptimizer 13ms (cache hit)
npm http cache https://registry.npmjs.org/@types%2fstats.js 13ms (cache hit)
npm http cache https://registry.npmjs.org/webgl-constants 15ms (cache hit)
npm http cache https://registry.npmjs.org/@use-gesture%2fcore 17ms (cache hit)
npm http cache https://registry.npmjs.org/@tweenjs%2ftween.js 18ms (cache hit)
npm http cache https://registry.npmjs.org/@dimforge%2frapier3d-compat 20ms (cache hit)
npm http cache https://registry.npmjs.org/potpack 19ms (cache hit)
npm http cache https://registry.npmjs.org/@types%2foffscreencanvas 20ms (cache hit)
npm http cache https://registry.npmjs.org/@types%2fdraco3d 21ms (cache hit)
npm http cache https://registry.npmjs.org/draco3d 22ms (cache hit)
npm http cache https://registry.npmjs.org/troika-worker-utils 14ms (cache hit)
npm http cache https://registry.npmjs.org/troika-three-utils 16ms (cache hit)
npm http cache https://registry.npmjs.org/webgl-sdf-generator 15ms (cache hit)
npm http cache https://registry.npmjs.org/bidi-js 19ms (cache hit)
npm http cache https://registry.npmjs.org/is-promise 2ms (cache hit)
npm http cache https://registry.npmjs.org/lie 2ms (cache hit)
npm http cache https://registry.npmjs.org/react 12ms (cache hit)
npm http cache https://registry.npmjs.org/react-dom 22ms (cache hit)
npm http cache https://registry.npmjs.org/@types%2freact-reconciler 4ms (cache hit)
npm http cache https://registry.npmjs.org/ieee754 5ms (cache hit)
npm http cache https://registry.npmjs.org/magic-string 10ms (cache hit)
npm http cache https://registry.npmjs.org/lightningcss 15ms (cache hit)
npm http cache https://registry.npmjs.org/source-map-js 17ms (cache hit)
npm http cache https://registry.npmjs.org/@tailwindcss%2foxide-android-arm64 20ms (cache hit)
npm http cache https://registry.npmjs.org/enhanced-resolve 33ms (cache hit)
npm http cache https://registry.npmjs.org/@tailwindcss%2foxide-darwin-arm64 40ms (cache hit)
npm http cache https://registry.npmjs.org/@tailwindcss%2foxide-freebsd-x64 59ms (cache hit)
npm http cache https://registry.npmjs.org/@jridgewell%2fremapping 76ms (cache hit)
npm http cache https://registry.npmjs.org/@tailwindcss%2foxide-wasm32-wasi 79ms (cache hit)
npm http cache https://registry.npmjs.org/@tailwindcss%2foxide-darwin-x64 91ms (cache hit)
npm http cache https://registry.npmjs.org/@tailwindcss%2foxide-linux-x64-gnu 106ms (cache hit)
npm http cache https://registry.npmjs.org/@tailwindcss%2foxide-linux-arm64-gnu 119ms (cache hit)
npm http cache https://registry.npmjs.org/@tailwindcss%2foxide-win32-x64-msvc 138ms (cache hit)
npm http cache https://registry.npmjs.org/nanoid 99ms (cache hit)
npm http cache https://registry.npmjs.org/@tailwindcss%2foxide-linux-arm-gnueabihf 128ms (cache hit)
npm http cache https://registry.npmjs.org/@tailwindcss%2foxide-linux-x64-musl 187ms (cache hit)
npm http cache https://registry.npmjs.org/@tailwindcss%2foxide-linux-arm64-musl 195ms (cache hit)
npm http cache https://registry.npmjs.org/@tailwindcss%2foxide-win32-arm64-msvc 206ms (cache hit)
npm http cache https://registry.npmjs.org/picocolors 184ms (cache hit)
npm http cache https://registry.npmjs.org/@jridgewell%2fgen-mapping 10ms (cache hit)
npm http cache https://registry.npmjs.org/lightningcss-darwin-x64 11ms (cache hit)
npm http cache https://registry.npmjs.org/@jridgewell%2ftrace-mapping 13ms (cache hit)
npm http cache https://registry.npmjs.org/lightningcss-win32-arm64-msvc 13ms (cache hit)
npm http cache https://registry.npmjs.org/lightningcss-darwin-arm64 14ms (cache hit)
npm http cache https://registry.npmjs.org/lightningcss-linux-x64-gnu 16ms (cache hit)
npm http cache https://registry.npmjs.org/tapable 18ms (cache hit)
npm http cache https://registry.npmjs.org/lightningcss-linux-arm-gnueabihf 18ms (cache hit)
npm http cache https://registry.npmjs.org/lightningcss-win32-x64-msvc 27ms (cache hit)
npm http cache https://registry.npmjs.org/graceful-fs 29ms (cache hit)
npm http cache https://registry.npmjs.org/lightningcss-linux-arm64-gnu 29ms (cache hit)
npm http cache https://registry.npmjs.org/lightningcss-linux-arm64-musl 24ms (cache hit)
npm http cache https://registry.npmjs.org/lightningcss-linux-x64-musl 24ms (cache hit)
npm http cache https://registry.npmjs.org/lightningcss-android-arm64 22ms (cache hit)
npm http cache https://registry.npmjs.org/lightningcss-freebsd-x64 23ms (cache hit)
npm http cache https://registry.npmjs.org/@jridgewell%2fsourcemap-codec 22ms (cache hit)
npm http cache https://registry.npmjs.org/@jridgewell%2fresolve-uri 2ms (cache hit)
npm http cache https://registry.npmjs.org/@tailwindcss/oxide-wasm32-wasi/-/oxide-wasm32-wasi-4.3.0.tgz 0ms (cache hit)
npm http cache https://registry.npmjs.org/punycode 2ms (cache hit)
npm http cache https://registry.npmjs.org/encoding 2ms (cache hit)
npm http cache https://registry.npmjs.org/web-streams-polyfill 5ms (cache hit)
npm http cache https://registry.npmjs.org/form-data 9ms (cache hit)
npm http cache https://registry.npmjs.org/event-target-shim 11ms (cache hit)
npm http cache https://registry.npmjs.org/whatwg-url 13ms (cache hit)
npm http cache https://registry.npmjs.org/node-domexception 16ms (cache hit)
npm http cache https://registry.npmjs.org/humanize-ms 18ms (cache hit)
npm http cache https://registry.npmjs.org/combined-stream 4ms (cache hit)
npm http cache https://registry.npmjs.org/asynckit 6ms (cache hit)
npm http cache https://registry.npmjs.org/hasown 6ms (cache hit)
npm http cache https://registry.npmjs.org/es-set-tostringtag 6ms (cache hit)
npm http cache https://registry.npmjs.org/shebang-command 3ms (cache hit)
npm http cache https://registry.npmjs.org/path-key 3ms (cache hit)
npm http cache https://registry.npmjs.org/shebang-regex 2ms (cache hit)
npm http cache https://registry.npmjs.org/ansi-regex 1ms (cache hit)
npm http cache https://registry.npmjs.org/eslint 5ms (cache hit)
npm http cache https://registry.npmjs.org/levn 10ms (cache hit)
npm http cache https://registry.npmjs.org/ansi-styles 10ms (cache hit)
npm http cache https://registry.npmjs.org/@types%2fjson-schema 13ms (cache hit)
npm http cache https://registry.npmjs.org/esrecurse 13ms (cache hit)
npm http cache https://registry.npmjs.org/@humanfs%2fcore 15ms (cache hit)
npm http cache https://registry.npmjs.org/supports-color 15ms (cache hit)
npm http cache https://registry.npmjs.org/estraverse 18ms (cache hit)
npm http cache https://registry.npmjs.org/estraverse 20ms (cache hit)
npm http cache https://registry.npmjs.org/flat-cache 21ms (cache hit)
npm http cache https://registry.npmjs.org/@humanfs%2ftypes 25ms (cache hit)
npm http cache https://registry.npmjs.org/@eslint%2fobject-schema 27ms (cache hit)
npm http cache https://registry.npmjs.org/path-exists 18ms (cache hit)
npm http cache https://registry.npmjs.org/locate-path 22ms (cache hit)
npm http cache https://registry.npmjs.org/prelude-ls 19ms (cache hit)
npm http cache https://registry.npmjs.org/word-wrap 16ms (cache hit)
npm http cache https://registry.npmjs.org/is-extglob 21ms (cache hit)
npm http cache https://registry.npmjs.org/deep-is 20ms (cache hit)
npm http cache https://registry.npmjs.org/type-check 14ms (cache hit)
npm http cache https://registry.npmjs.org/fast-levenshtein 14ms (cache hit)
npm http cache https://registry.npmjs.org/eslint 5ms (cache hit)
npm http cache https://registry.npmjs.org/typescript 33ms (cache hit)
npm http cache https://registry.npmjs.org/eslint-plugin-import-x 2ms (cache hit)
npm http cache https://registry.npmjs.org/@typescript-eslint%2futils 20ms (cache hit)
npm http cache https://registry.npmjs.org/fast-glob 18ms (cache hit)
npm http cache https://registry.npmjs.org/ts-api-utils 23ms (cache hit)
npm http cache https://registry.npmjs.org/@typescript-eslint%2futils 47ms (cache hit)
npm http cache https://registry.npmjs.org/@typescript-eslint%2fscope-manager 161ms (cache hit)
npm http cache https://registry.npmjs.org/@typescript-eslint%2fvisitor-keys 252ms (cache hit)
npm http cache https://registry.npmjs.org/@typescript-eslint%2ftypes 336ms (cache hit)
npm http cache https://registry.npmjs.org/@typescript-eslint%2fvisitor-keys 447ms (cache hit)
npm http cache https://registry.npmjs.org/@typescript-eslint%2fscope-manager 566ms (cache hit)
npm http cache https://registry.npmjs.org/resolve 679ms (cache hit)
npm http cache https://registry.npmjs.org/@typescript-eslint%2ftype-utils 703ms (cache hit)
npm http cache https://registry.npmjs.org/@typescript-eslint%2ftypescript-estree 785ms (cache hit)
npm http cache https://registry.npmjs.org/is-core-module 897ms (cache hit)
npm http cache https://registry.npmjs.org/tinyglobby 892ms (cache hit)
npm http cache https://registry.npmjs.org/stable-hash 783ms (cache hit)
npm http cache https://registry.npmjs.org/get-tsconfig 700ms (cache hit)
npm http cache https://registry.npmjs.org/is-bun-module 607ms (cache hit)
npm http cache https://registry.npmjs.org/unrs-resolver 507ms (cache hit)
npm http cache https://registry.npmjs.org/array.prototype.findlastindex 169ms (cache hit)
npm http cache https://registry.npmjs.org/@nolyfill%2fis-core-module 397ms (cache hit)
npm http cache https://registry.npmjs.org/@rtsao%2fscc 250ms (cache hit)
npm http cache https://registry.npmjs.org/array-includes 246ms (cache hit)
npm http cache https://registry.npmjs.org/array.prototype.flat 22ms (cache hit)
npm http cache https://registry.npmjs.org/array.prototype.flatmap 23ms (cache hit)
npm http cache https://registry.npmjs.org/doctrine 24ms (cache hit)
npm http cache https://registry.npmjs.org/eslint-module-utils 24ms (cache hit)
npm http cache https://registry.npmjs.org/object.groupby 23ms (cache hit)
npm http cache https://registry.npmjs.org/object.fromentries 25ms (cache hit)
npm http cache https://registry.npmjs.org/object.values 23ms (cache hit)
npm http cache https://registry.npmjs.org/string.prototype.trimend 23ms (cache hit)
npm http cache https://registry.npmjs.org/tsconfig-paths 23ms (cache hit)
npm http cache https://registry.npmjs.org/aria-query 25ms (cache hit)
npm http cache https://registry.npmjs.org/array.prototype.flatmap 25ms (cache hit)
npm http cache https://registry.npmjs.org/ast-types-flow 26ms (cache hit)
npm http cache https://registry.npmjs.org/axobject-query 27ms (cache hit)
npm http cache https://registry.npmjs.org/damerau-levenshtein 28ms (cache hit)
npm http cache https://registry.npmjs.org/emoji-regex 27ms (cache hit)
npm http cache https://registry.npmjs.org/language-tags 28ms (cache hit)
npm http cache https://registry.npmjs.org/safe-regex-test 28ms (cache hit)
npm http cache https://registry.npmjs.org/jsx-ast-utils 32ms (cache hit)
npm http cache https://registry.npmjs.org/axe-core 55ms (cache hit)
npm http cache https://registry.npmjs.org/string.prototype.includes 101ms (cache hit)
npm http cache https://registry.npmjs.org/array.prototype.tosorted 98ms (cache hit)
npm http cache https://registry.npmjs.org/array.prototype.findlast 100ms (cache hit)
npm http cache https://registry.npmjs.org/es-iterator-helpers 98ms (cache hit)
npm http cache https://registry.npmjs.org/jsx-ast-utils 89ms (cache hit)
npm http cache https://registry.npmjs.org/prop-types 87ms (cache hit)
npm http cache https://registry.npmjs.org/string.prototype.repeat 89ms (cache hit)
npm http cache https://registry.npmjs.org/string.prototype.matchall 91ms (cache hit)
npm http cache https://registry.npmjs.org/object.entries 97ms (cache hit)
npm http cache https://registry.npmjs.org/merge2 4ms (cache hit)
npm http cache https://registry.npmjs.org/micromatch 6ms (cache hit)
npm http cache https://registry.npmjs.org/@nodelib%2ffs.walk 7ms (cache hit)
npm http cache https://registry.npmjs.org/@nodelib%2ffs.stat 8ms (cache hit)
npm http cache https://registry.npmjs.org/typescript 28ms (cache hit)
npm http cache https://registry.npmjs.org/eslint 8ms (cache hit)
npm http cache https://registry.npmjs.org/@typescript-eslint%2fproject-service 5ms (cache hit)
npm http cache https://registry.npmjs.org/@typescript-eslint%2ftsconfig-utils 16ms (cache hit)
npm http cache https://registry.npmjs.org/@typescript-eslint%2ftsconfig-utils 5ms (cache hit)
npm http cache https://registry.npmjs.org/path-parse 6ms (cache hit)
npm http cache https://registry.npmjs.org/es-errors 7ms (cache hit)
npm http cache https://registry.npmjs.org/object-keys 8ms (cache hit)
npm http cache https://registry.npmjs.org/node-exports-info 9ms (cache hit)
npm http cache https://registry.npmjs.org/supports-preserve-symlinks-flag 10ms (cache hit)
npm http cache https://registry.npmjs.org/resolve-pkg-maps 9ms (cache hit)
npm http cache https://registry.npmjs.org/napi-postinstall 9ms (cache hit)
npm http cache https://registry.npmjs.org/@unrs%2fresolver-binding-android-arm64 11ms (cache hit)
npm http cache https://registry.npmjs.org/@unrs%2fresolver-binding-win32-arm64-msvc 12ms (cache hit)
npm http cache https://registry.npmjs.org/@unrs%2fresolver-binding-openharmony-arm64 12ms (cache hit)
npm http cache https://registry.npmjs.org/@unrs%2fresolver-binding-linux-arm64-gnu 14ms (cache hit)
npm http cache https://registry.npmjs.org/@unrs%2fresolver-binding-linux-arm64-musl 14ms (cache hit)
npm http cache https://registry.npmjs.org/@unrs%2fresolver-binding-linux-arm-gnueabihf 15ms (cache hit)
npm http cache https://registry.npmjs.org/@unrs%2fresolver-binding-android-arm-eabi 16ms (cache hit)
npm http cache https://registry.npmjs.org/@unrs%2fresolver-binding-darwin-arm64 18ms (cache hit)
npm http cache https://registry.npmjs.org/@unrs%2fresolver-binding-linux-arm-musleabihf 18ms (cache hit)
npm http cache https://registry.npmjs.org/@unrs%2fresolver-binding-win32-ia32-msvc 17ms (cache hit)
npm http cache https://registry.npmjs.org/@unrs%2fresolver-binding-linux-loong64-musl 15ms (cache hit)
npm http cache https://registry.npmjs.org/@unrs%2fresolver-binding-linux-loong64-gnu 18ms (cache hit)
npm http cache https://registry.npmjs.org/@unrs%2fresolver-binding-linux-ppc64-gnu 16ms (cache hit)
npm http cache https://registry.npmjs.org/@unrs%2fresolver-binding-linux-riscv64-gnu 16ms (cache hit)
npm http cache https://registry.npmjs.org/@unrs%2fresolver-binding-linux-riscv64-musl 16ms (cache hit)
npm http cache https://registry.npmjs.org/@unrs%2fresolver-binding-linux-s390x-gnu 15ms (cache hit)
npm http cache https://registry.npmjs.org/@unrs%2fresolver-binding-wasm32-wasi 15ms (cache hit)
npm http cache https://registry.npmjs.org/@unrs%2fresolver-binding-win32-x64-msvc 14ms (cache hit)
npm http cache https://registry.npmjs.org/@unrs%2fresolver-binding-darwin-x64 16ms (cache hit)
npm http cache https://registry.npmjs.org/@unrs%2fresolver-binding-freebsd-x64 15ms (cache hit)
npm http cache https://registry.npmjs.org/@unrs%2fresolver-binding-linux-x64-gnu 12ms (cache hit)
npm http cache https://registry.npmjs.org/@unrs%2fresolver-binding-linux-x64-musl 11ms (cache hit)
npm http cache https://registry.npmjs.org/define-properties 9ms (cache hit)
npm http cache https://registry.npmjs.org/call-bound 12ms (cache hit)
npm http cache https://registry.npmjs.org/es-object-atoms 10ms (cache hit)
npm http cache https://registry.npmjs.org/is-string 11ms (cache hit)
npm http cache https://registry.npmjs.org/call-bind 16ms (cache hit)
npm http cache https://registry.npmjs.org/es-abstract 15ms (cache hit)
npm http cache https://registry.npmjs.org/math-intrinsics 17ms (cache hit)
npm http cache https://registry.npmjs.org/get-intrinsic 19ms (cache hit)
npm http cache https://registry.npmjs.org/define-properties 19ms (cache hit)
npm http cache https://registry.npmjs.org/call-bind 21ms (cache hit)
npm http cache https://registry.npmjs.org/call-bound 22ms (cache hit)
npm http cache https://registry.npmjs.org/es-abstract 20ms (cache hit)
npm http cache https://registry.npmjs.org/es-shim-unscopables 21ms (cache hit)
npm http cache https://registry.npmjs.org/es-shim-unscopables 16ms (cache hit)
npm http cache https://registry.npmjs.org/es-shim-unscopables 15ms (cache hit)
npm http cache https://registry.npmjs.org/es-abstract 22ms (cache hit)
npm http cache https://registry.npmjs.org/call-bind 26ms (cache hit)
npm http cache https://registry.npmjs.org/es-object-atoms 28ms (cache hit)
npm http cache https://registry.npmjs.org/function-bind 20ms (cache hit)
npm http cache https://registry.npmjs.org/json5 18ms (cache hit)
npm http cache https://registry.npmjs.org/strip-bom 17ms (cache hit)
npm http cache https://registry.npmjs.org/minimist 19ms (cache hit)
npm http cache https://registry.npmjs.org/@types%2fjson5 15ms (cache hit)
npm http cache https://registry.npmjs.org/call-bind-apply-helpers 10ms (cache hit)
npm http cache https://registry.npmjs.org/call-bind-apply-helpers 10ms (cache hit)
npm http cache https://registry.npmjs.org/set-function-length 11ms (cache hit)
npm http cache https://registry.npmjs.org/es-define-property 13ms (cache hit)
npm http cache https://registry.npmjs.org/available-typed-arrays 11ms (cache hit)
npm http cache https://registry.npmjs.org/array-buffer-byte-length 13ms (cache hit)
npm http cache https://registry.npmjs.org/has-property-descriptors 15ms (cache hit)
npm http cache https://registry.npmjs.org/arraybuffer.prototype.slice 15ms (cache hit)
npm http cache https://registry.npmjs.org/define-data-property 17ms (cache hit)
npm http cache https://registry.npmjs.org/data-view-buffer 17ms (cache hit)
npm http cache https://registry.npmjs.org/data-view-byte-length 17ms (cache hit)
npm http cache https://registry.npmjs.org/data-view-byte-offset 15ms (cache hit)
npm http cache https://registry.npmjs.org/es-to-primitive 14ms (cache hit)
npm http cache https://registry.npmjs.org/es-define-property 16ms (cache hit)
npm http cache https://registry.npmjs.org/function.prototype.name 15ms (cache hit)
npm http cache https://registry.npmjs.org/get-proto 15ms (cache hit)
npm http cache https://registry.npmjs.org/get-symbol-description 15ms (cache hit)
npm http cache https://registry.npmjs.org/gopd 14ms (cache hit)
npm http cache https://registry.npmjs.org/globalthis 16ms (cache hit)
npm http cache https://registry.npmjs.org/has-proto 15ms (cache hit)
npm http cache https://registry.npmjs.org/has-symbols 15ms (cache hit)
npm http cache https://registry.npmjs.org/internal-slot 15ms (cache hit)
npm http cache https://registry.npmjs.org/is-array-buffer 16ms (cache hit)
npm http cache https://registry.npmjs.org/is-negative-zero 15ms (cache hit)
npm http cache https://registry.npmjs.org/is-callable 18ms (cache hit)
npm http cache https://registry.npmjs.org/is-regex 16ms (cache hit)
npm http cache https://registry.npmjs.org/is-set 17ms (cache hit)
npm http cache https://registry.npmjs.org/is-data-view 21ms (cache hit)
npm http cache https://registry.npmjs.org/is-typed-array 17ms (cache hit)
npm http cache https://registry.npmjs.org/is-shared-array-buffer 19ms (cache hit)
npm http cache https://registry.npmjs.org/object-inspect 18ms (cache hit)
npm http cache https://registry.npmjs.org/is-weakref 21ms (cache hit)
npm http cache https://registry.npmjs.org/object.assign 20ms (cache hit)
npm http cache https://registry.npmjs.org/own-keys 18ms (cache hit)
npm http cache https://registry.npmjs.org/regexp.prototype.flags 18ms (cache hit)
npm http cache https://registry.npmjs.org/safe-array-concat 17ms (cache hit)
npm http cache https://registry.npmjs.org/safe-push-apply 18ms (cache hit)
npm http cache https://registry.npmjs.org/string.prototype.trim 15ms (cache hit)
npm http cache https://registry.npmjs.org/set-proto 18ms (cache hit)
npm http cache https://registry.npmjs.org/typed-array-byte-length 13ms (cache hit)
npm http cache https://registry.npmjs.org/stop-iteration-iterator 19ms (cache hit)
npm http cache https://registry.npmjs.org/string.prototype.trimstart 18ms (cache hit)
npm http cache https://registry.npmjs.org/typed-array-buffer 17ms (cache hit)
npm http cache https://registry.npmjs.org/typed-array-byte-offset 15ms (cache hit)
npm http cache https://registry.npmjs.org/typed-array-length 11ms (cache hit)
npm http cache https://registry.npmjs.org/unbox-primitive 11ms (cache hit)
npm http cache https://registry.npmjs.org/has-tostringtag 9ms (cache hit)
npm http cache https://registry.npmjs.org/which-typed-array 11ms (cache hit)
npm http cache https://registry.npmjs.org/possible-typed-array-names 16ms (cache hit)
npm http cache https://registry.npmjs.org/dunder-proto 15ms (cache hit)
npm http cache https://registry.npmjs.org/set-function-name 16ms (cache hit)
npm http cache https://registry.npmjs.org/is-symbol 19ms (cache hit)
npm http cache https://registry.npmjs.org/side-channel 19ms (cache hit)
npm http cache https://registry.npmjs.org/functions-have-names 21ms (cache hit)
npm http cache https://registry.npmjs.org/isarray 19ms (cache hit)
npm http cache https://registry.npmjs.org/isarray 21ms (cache hit)
npm http cache https://registry.npmjs.org/dunder-proto 24ms (cache hit)
npm http cache https://registry.npmjs.org/is-date-object 26ms (cache hit)
npm http cache https://registry.npmjs.org/dunder-proto 24ms (cache hit)
npm http cache https://registry.npmjs.org/for-each 13ms (cache hit)
npm http cache https://registry.npmjs.org/for-each 19ms (cache hit)
npm http cache https://registry.npmjs.org/for-each 17ms (cache hit)
npm http cache https://registry.npmjs.org/reflect.getprototypeof 17ms (cache hit)
npm http cache https://registry.npmjs.org/which-boxed-primitive 13ms (cache hit)
npm http cache https://registry.npmjs.org/reflect.getprototypeof 15ms (cache hit)
npm http cache https://registry.npmjs.org/has-bigints 15ms (cache hit)
npm http cache https://registry.npmjs.org/for-each 13ms (cache hit)
npm http cache https://registry.npmjs.org/language-subtag-registry 2ms (cache hit)
npm http cache https://registry.npmjs.org/iterator.prototype 4ms (cache hit)
npm http cache https://registry.npmjs.org/object-assign 4ms (cache hit)
npm http cache https://registry.npmjs.org/loose-envify 5ms (cache hit)
npm http cache https://registry.npmjs.org/react-is 14ms (cache hit)
npm http cache https://registry.npmjs.org/mimic-fn 3ms (cache hit)
npm http cache https://registry.npmjs.org/iconv-lite 11ms (cache hit)
npm http cache https://registry.npmjs.org/wrappy 13ms (cache hit)
npm http cache https://registry.npmjs.org/mime-db 14ms (cache hit)
npm http cache https://registry.npmjs.org/inherits 17ms (cache hit)
npm http cache https://registry.npmjs.org/setprototypeof 17ms (cache hit)
npm http cache https://registry.npmjs.org/toidentifier 18ms (cache hit)
npm http cache https://registry.npmjs.org/ipaddr.js 17ms (cache hit)
npm http cache https://registry.npmjs.org/ee-first 19ms (cache hit)
npm http cache https://registry.npmjs.org/raw-body 22ms (cache hit)
npm http cache https://registry.npmjs.org/forwarded 20ms (cache hit)
npm http cache https://registry.npmjs.org/bytes 25ms (cache hit)
npm http cache https://registry.npmjs.org/media-typer 11ms (cache hit)
npm http cache https://registry.npmjs.org/safer-buffer 3ms (cache hit)
npm http cache https://registry.npmjs.org/unpipe 3ms (cache hit)
npm http cache https://registry.npmjs.org/fastq 6ms (cache hit)
npm http cache https://registry.npmjs.org/@nodelib%2ffs.scandir 6ms (cache hit)
npm http cache https://registry.npmjs.org/braces 7ms (cache hit)
npm http cache https://registry.npmjs.org/run-parallel 2ms (cache hit)
npm http cache https://registry.npmjs.org/reusify 3ms (cache hit)
npm http cache https://registry.npmjs.org/queue-microtask 2ms (cache hit)
npm http cache https://registry.npmjs.org/xml-naming 2ms (cache hit)
npm http cache https://registry.npmjs.org/flatted 4ms (cache hit)
npm http cache https://registry.npmjs.org/keyv 7ms (cache hit)
npm http cache https://registry.npmjs.org/p-locate 1ms (cache hit)
npm http cache https://registry.npmjs.org/json-buffer 2ms (cache hit)
npm http cache https://registry.npmjs.org/delayed-stream 1ms (cache hit)
npm http cache https://registry.npmjs.org/@isaacs%2fcliui 2ms (cache hit)
npm http cache https://registry.npmjs.org/lru-cache 4ms (cache hit)
npm http cache https://registry.npmjs.org/callsites 5ms (cache hit)
npm http cache https://registry.npmjs.org/side-channel-list 3ms (cache hit)
npm http cache https://registry.npmjs.org/side-channel-map 4ms (cache hit)
npm http cache https://registry.npmjs.org/side-channel-weakmap 5ms (cache hit)
npm http cache https://registry.npmjs.org/@types%2freact 6ms (cache hit)
npm http cache https://registry.npmjs.org/p-limit 2ms (cache hit)
npm http cache https://registry.npmjs.org/fill-range 4ms (cache hit)
npm http cache https://registry.npmjs.org/to-regex-range 2ms (cache hit)
npm http cache https://registry.npmjs.org/is-number 2ms (cache hit)
npm http cache https://registry.npmjs.org/concat-map 2ms (cache hit)
npm http cache https://registry.npmjs.org/balanced-match 4ms (cache hit)
npm http cache https://registry.npmjs.org/client-only 3ms (cache hit)
npm http cache https://registry.npmjs.org/react 14ms (cache hit)
npm http cache https://registry.npmjs.org/@formatjs%2ffast-memoize 9ms (cache hit)
npm http cache https://registry.npmjs.org/@parcel%2fwatcher-win32-x64 11ms (cache hit)
npm http cache https://registry.npmjs.org/@parcel%2fwatcher-darwin-arm64 13ms (cache hit)
npm http cache https://registry.npmjs.org/@parcel%2fwatcher-win32-ia32 13ms (cache hit)
npm http cache https://registry.npmjs.org/@parcel%2fwatcher-linux-arm64-musl 13ms (cache hit)
npm http cache https://registry.npmjs.org/@parcel%2fwatcher-win32-arm64 15ms (cache hit)
npm http cache https://registry.npmjs.org/@parcel%2fwatcher-darwin-x64 17ms (cache hit)
npm http cache https://registry.npmjs.org/node-addon-api 18ms (cache hit)
npm http cache https://registry.npmjs.org/@parcel%2fwatcher-linux-x64-glibc 21ms (cache hit)
npm http cache https://registry.npmjs.org/@parcel%2fwatcher-linux-x64-musl 22ms (cache hit)
npm http cache https://registry.npmjs.org/@parcel%2fwatcher-linux-arm64-glibc 23ms (cache hit)
npm http cache https://registry.npmjs.org/@parcel%2fwatcher-linux-arm-musl 18ms (cache hit)
npm http cache https://registry.npmjs.org/@swc%2fcounter 17ms (cache hit)
npm http cache https://registry.npmjs.org/@parcel%2fwatcher-freebsd-x64 18ms (cache hit)
npm http cache https://registry.npmjs.org/@parcel%2fwatcher-android-arm64 20ms (cache hit)
npm http cache https://registry.npmjs.org/@parcel%2fwatcher-linux-arm-glibc 25ms (cache hit)
npm http cache https://registry.npmjs.org/@swc%2fcore-win32-x64-msvc 16ms (cache hit)
npm http cache https://registry.npmjs.org/@swc%2ftypes 37ms (cache hit)
npm http cache https://registry.npmjs.org/@swc%2fcore-darwin-x64 40ms (cache hit)
npm http cache https://registry.npmjs.org/@swc%2fcore-linux-ppc64-gnu 47ms (cache hit)
npm http cache https://registry.npmjs.org/@swc%2fcore-linux-s390x-gnu 48ms (cache hit)
npm http cache https://registry.npmjs.org/@swc%2fcore-linux-x64-gnu 53ms (cache hit)
npm http cache https://registry.npmjs.org/@swc%2fcore-win32-ia32-msvc 68ms (cache hit)
npm http cache https://registry.npmjs.org/@swc%2fcore-linux-x64-musl 86ms (cache hit)
npm http cache https://registry.npmjs.org/@swc%2fcore-linux-arm-gnueabihf 101ms (cache hit)
npm http cache https://registry.npmjs.org/@swc%2fcore-darwin-arm64 118ms (cache hit)
npm http cache https://registry.npmjs.org/@formatjs%2ficu-messageformat-parser 99ms (cache hit)
npm http cache https://registry.npmjs.org/@swc%2fcore-linux-arm64-gnu 140ms (cache hit)
npm http cache https://registry.npmjs.org/@swc%2fcore-linux-arm64-musl 139ms (cache hit)
npm http cache https://registry.npmjs.org/@swc%2fcore-win32-arm64-msvc 159ms (cache hit)
npm http cache https://registry.npmjs.org/intl-messageformat 156ms (cache hit)
npm http cache https://registry.npmjs.org/@schummar%2ficu-type-parser 165ms (cache hit)
npm http cache https://registry.npmjs.org/@formatjs%2ficu-skeleton-parser 7ms (cache hit)
npm http cache https://registry.npmjs.org/tr46 4ms (cache hit)
npm http cache https://registry.npmjs.org/webidl-conversions 4ms (cache hit)
npm http cache https://registry.npmjs.org/yocto-queue 1ms (cache hit)
npm http cache https://registry.npmjs.org/@opentelemetry%2fcore 9ms (cache hit)
npm http cache https://registry.npmjs.org/@opentelemetry%2fotlp-transformer 14ms (cache hit)
npm http cache https://registry.npmjs.org/@opentelemetry%2fcore 17ms (cache hit)
npm http cache https://registry.npmjs.org/@opentelemetry%2fcore 23ms (cache hit)
npm http cache https://registry.npmjs.org/@types%2ftrusted-types 27ms (cache hit)
npm http cache https://registry.npmjs.org/@opentelemetry%2fsemantic-conventions 29ms (cache hit)
npm http cache https://registry.npmjs.org/@opentelemetry%2fotlp-exporter-base 33ms (cache hit)
npm http cache https://registry.npmjs.org/protobufjs 4ms (cache hit)
npm http cache https://registry.npmjs.org/@opentelemetry%2fsdk-metrics 10ms (cache hit)
npm http cache https://registry.npmjs.org/@opentelemetry%2fsdk-trace-base 13ms (cache hit)
npm http cache https://registry.npmjs.org/@protobufjs%2fcodegen 15ms (cache hit)
npm http cache https://registry.npmjs.org/@protobufjs%2fbase64 16ms (cache hit)
npm http cache https://registry.npmjs.org/@protobufjs%2ffloat 16ms (cache hit)
npm http cache https://registry.npmjs.org/@protobufjs%2feventemitter 16ms (cache hit)
npm http cache https://registry.npmjs.org/@protobufjs%2fpool 16ms (cache hit)
npm http cache https://registry.npmjs.org/@protobufjs%2fpath 17ms (cache hit)
npm http cache https://registry.npmjs.org/@protobufjs%2ffetch 18ms (cache hit)
npm http cache https://registry.npmjs.org/@protobufjs%2finquire 18ms (cache hit)
npm http cache https://registry.npmjs.org/@protobufjs%2futf8 18ms (cache hit)
npm http cache https://registry.npmjs.org/@protobufjs%2faspromise 20ms (cache hit)
npm http cache https://registry.npmjs.org/long 18ms (cache hit)
npm http cache https://registry.npmjs.org/immediate 2ms (cache hit)
npm http cache https://registry.npmjs.org/js-tokens 2ms (cache hit)
npm http cache https://registry.npmjs.org/@emnapi%2fruntime 2ms (cache hit)
npm http cache https://registry.npmjs.org/buffer-from 3ms (cache hit)
npm http cache https://registry.npmjs.org/source-map 4ms (cache hit)
npm http cache https://registry.npmjs.org/require-from-string 2ms (cache hit)
npm http cache https://registry.npmjs.org/@types%2freact 8ms (cache hit)
npm http cache https://registry.npmjs.org/react 13ms (cache hit)
npm http cache https://registry.npmjs.org/which-builtin-type 7ms (cache hit)
npm http cache https://registry.npmjs.org/is-async-function 32ms (cache hit)
npm http cache https://registry.npmjs.org/is-finalizationregistry 33ms (cache hit)
npm http cache https://registry.npmjs.org/is-generator-function 34ms (cache hit)
npm http cache https://registry.npmjs.org/which-collection 33ms (cache hit)
npm http cache https://registry.npmjs.org/is-bigint 3ms (cache hit)
npm http cache https://registry.npmjs.org/is-boolean-object 3ms (cache hit)
npm http cache https://registry.npmjs.org/is-number-object 4ms (cache hit)
npm http cache https://registry.npmjs.org/@napi-rs%2fwasm-runtime 3ms (cache hit)
npm http cache https://registry.npmjs.org/@emnapi%2fcore 3ms (cache hit)
npm http cache https://registry.npmjs.org/@emnapi%2fwasi-threads 3ms (cache hit)
npm http cache https://registry.npmjs.org/@tybys%2fwasm-util 3ms (cache hit)
npm http cache https://registry.npmjs.org/typescript 49ms (cache hit)
npm http cache https://registry.npmjs.org/@types%2fnode 20ms (cache hit)
npm http cache https://registry.npmjs.org/less 8ms (cache hit)
npm http cache https://registry.npmjs.org/sass-embedded 3ms (cache hit)
npm http cache https://registry.npmjs.org/stylus 2ms (cache hit)
npm http cache https://registry.npmjs.org/sugarss 2ms (cache hit)
npm http cache https://registry.npmjs.org/async-validator 2ms (cache hit)
npm http cache https://registry.npmjs.org/axios 3ms (cache hit)
npm http cache https://registry.npmjs.org/change-case 2ms (cache hit)
npm http cache https://registry.npmjs.org/drauu 2ms (cache hit)
npm http cache https://registry.npmjs.org/fuse.js 2ms (cache hit)
npm http cache https://registry.npmjs.org/idb-keyval 6ms (cache hit)
npm http cache https://registry.npmjs.org/jwt-decode 1ms (cache hit)
npm http cache https://registry.npmjs.org/nprogress 2ms (cache hit)
npm http cache https://registry.npmjs.org/qrcode 1ms (cache hit)
npm http cache https://registry.npmjs.org/sortablejs 1ms (cache hit)
npm http cache https://registry.npmjs.org/universal-cookie 2ms (cache hit)
npm http cache https://registry.npmjs.org/@types%2fhast 12ms (cache hit)
npm http cache https://registry.npmjs.org/@docsearch%2freact 14ms (cache hit)
npm http cache https://registry.npmjs.org/@shikijs%2fengine-javascript 16ms (cache hit)
npm http cache https://registry.npmjs.org/hast-util-to-html 20ms (cache hit)
npm http cache https://registry.npmjs.org/@shikijs%2fengine-oniguruma 21ms (cache hit)
npm http cache https://registry.npmjs.org/@iconify%2ftypes 24ms (cache hit)
npm http cache https://registry.npmjs.org/@shikijs%2fvscode-textmate 24ms (cache hit)
npm http cache https://registry.npmjs.org/@shikijs%2fvscode-textmate 25ms (cache hit)
npm http cache https://registry.npmjs.org/@types%2fhast 26ms (cache hit)
npm http cache https://registry.npmjs.org/@types%2flinkify-it 25ms (cache hit)
npm http cache https://registry.npmjs.org/@types%2fmdurl 27ms (cache hit)
npm http cache https://registry.npmjs.org/esbuild 23ms (cache hit)
npm http cache https://registry.npmjs.org/@vue%2fruntime-dom 32ms (cache hit)
npm http cache https://registry.npmjs.org/rollup 54ms (cache hit)
npm http cache https://registry.npmjs.org/@vue%2fcompiler-dom 120ms (cache hit)
npm http cache https://registry.npmjs.org/@vue%2fcompiler-sfc 125ms (cache hit)
npm http cache https://registry.npmjs.org/@types%2fweb-bluetooth 125ms (cache hit)
npm http cache https://registry.npmjs.org/@vue%2fdevtools-kit 129ms (cache hit)
npm http cache https://registry.npmjs.org/@vue%2fserver-renderer 133ms (cache hit)
npm http cache https://registry.npmjs.org/@vueuse%2fshared 137ms (cache hit)
npm http cache https://registry.npmjs.org/@vueuse%2fshared 141ms (cache hit)
npm http cache https://registry.npmjs.org/@vueuse%2fmetadata 146ms (cache hit)
npm http cache https://registry.npmjs.org/@shikijs%2flangs 123ms (cache hit)
npm http cache https://registry.npmjs.org/@shikijs%2fthemes 47ms (cache hit)
npm http cache https://registry.npmjs.org/tabbable 140ms (cache hit)
npm http cache https://registry.npmjs.org/@types%2freact 6ms (cache hit)
npm http cache https://registry.npmjs.org/react 18ms (cache hit)
npm http cache https://registry.npmjs.org/react-dom 18ms (cache hit)
npm http cache https://registry.npmjs.org/search-insights 2ms (cache hit)
npm http cache https://registry.npmjs.org/algoliasearch 6ms (cache hit)
npm http cache https://registry.npmjs.org/@algolia%2fautocomplete-core 20ms (cache hit)
npm http cache https://registry.npmjs.org/@algolia%2fautocomplete-preset-algolia 25ms (cache hit)
npm http cache https://registry.npmjs.org/@types%2fprop-types 27ms (cache hit)
npm http cache https://registry.npmjs.org/hast-util-whitespace 9ms (cache hit)
npm http cache https://registry.npmjs.org/@types%2funist 12ms (cache hit)
npm http cache https://registry.npmjs.org/ccount 11ms (cache hit)
npm http cache https://registry.npmjs.org/html-void-elements 12ms (cache hit)
npm http cache https://registry.npmjs.org/comma-separated-tokens 13ms (cache hit)
npm http cache https://registry.npmjs.org/property-information 14ms (cache hit)
npm http cache https://registry.npmjs.org/oniguruma-to-es 20ms (cache hit)
npm http cache https://registry.npmjs.org/@types%2funist 22ms (cache hit)
npm http cache https://registry.npmjs.org/mdast-util-to-hast 22ms (cache hit)
npm http cache https://registry.npmjs.org/space-separated-tokens 23ms (cache hit)
npm http cache https://registry.npmjs.org/stringify-entities 24ms (cache hit)
npm http cache https://registry.npmjs.org/zwitch 17ms (cache hit)
npm http cache https://registry.npmjs.org/regex 4ms (cache hit)
npm http cache https://registry.npmjs.org/emoji-regex-xs 5ms (cache hit)
npm http cache https://registry.npmjs.org/regex-recursion 5ms (cache hit)
npm http cache https://registry.npmjs.org/mitt 7ms (cache hit)
npm http cache https://registry.npmjs.org/superjson 8ms (cache hit)
npm http cache https://registry.npmjs.org/hookable 11ms (cache hit)
npm http cache https://registry.npmjs.org/speakingurl 12ms (cache hit)
npm http cache https://registry.npmjs.org/birpc 16ms (cache hit)
npm http cache https://registry.npmjs.org/@vue%2fdevtools-shared 16ms (cache hit)
npm http cache https://registry.npmjs.org/perfect-debounce 18ms (cache hit)
npm http cache https://registry.npmjs.org/rfdc 6ms (cache hit)
npm http cache https://registry.npmjs.org/copy-anything 7ms (cache hit)
npm http cache https://registry.npmjs.org/@types%2fmdast 8ms (cache hit)
npm http cache https://registry.npmjs.org/devlop 9ms (cache hit)
npm http cache https://registry.npmjs.org/trim-lines 9ms (cache hit)
npm http cache https://registry.npmjs.org/micromark-util-sanitize-uri 9ms (cache hit)
npm http cache https://registry.npmjs.org/@ungap%2fstructured-clone 11ms (cache hit)
npm http cache https://registry.npmjs.org/vfile 11ms (cache hit)
npm http cache https://registry.npmjs.org/unist-util-position 13ms (cache hit)
npm http cache https://registry.npmjs.org/unist-util-visit 14ms (cache hit)
npm http cache https://registry.npmjs.org/character-entities-html4 15ms (cache hit)
npm http cache https://registry.npmjs.org/character-entities-legacy 15ms (cache hit)
npm http cache https://registry.npmjs.org/dequal 9ms (cache hit)
npm http cache https://registry.npmjs.org/micromark-util-encode 10ms (cache hit)
npm http cache https://registry.npmjs.org/unist-util-is 10ms (cache hit)
npm http cache https://registry.npmjs.org/micromark-util-symbol 11ms (cache hit)
npm http cache https://registry.npmjs.org/unist-util-visit-parents 12ms (cache hit)
npm http cache https://registry.npmjs.org/micromark-util-character 14ms (cache hit)
npm http cache https://registry.npmjs.org/vfile-message 14ms (cache hit)
npm http cache https://registry.npmjs.org/micromark-util-types 2ms (cache hit)
npm http cache https://registry.npmjs.org/regex-utilities 2ms (cache hit)
npm http cache https://registry.npmjs.org/regex-utilities 3ms (cache hit)
npm http cache https://registry.npmjs.org/is-what 3ms (cache hit)
npm http cache https://registry.npmjs.org/unist-util-stringify-position 3ms (cache hit)
npm http cache https://registry.npmjs.org/@rollup%2frollup-linux-arm64-musl 13ms (cache hit)
npm http cache https://registry.npmjs.org/@rollup%2frollup-android-arm-eabi 18ms (cache hit)
npm http cache https://registry.npmjs.org/@rollup%2frollup-linux-arm64-gnu 22ms (cache hit)
npm http cache https://registry.npmjs.org/@rollup%2frollup-freebsd-arm64 26ms (cache hit)
npm http cache https://registry.npmjs.org/@rollup%2frollup-darwin-arm64 28ms (cache hit)
npm http cache https://registry.npmjs.org/@rollup%2frollup-linux-arm-musleabihf 30ms (cache hit)
npm http cache https://registry.npmjs.org/@rollup%2frollup-android-arm64 34ms (cache hit)
npm http cache https://registry.npmjs.org/@rollup%2frollup-linux-arm-gnueabihf 36ms (cache hit)
npm http cache https://registry.npmjs.org/@rollup%2frollup-linux-loong64-gnu 39ms (cache hit)
npm http cache https://registry.npmjs.org/@rollup%2frollup-win32-ia32-msvc 41ms (cache hit)
npm http cache https://registry.npmjs.org/@rollup%2frollup-win32-arm64-msvc 46ms (cache hit)
npm http cache https://registry.npmjs.org/@rollup%2frollup-linux-ppc64-gnu 29ms (cache hit)
npm http cache https://registry.npmjs.org/@rollup%2frollup-linux-loong64-musl 40ms (cache hit)
npm http cache https://registry.npmjs.org/@rollup%2frollup-linux-riscv64-musl 34ms (cache hit)
npm http cache https://registry.npmjs.org/@rollup%2frollup-linux-ppc64-musl 30ms (cache hit)
npm http cache https://registry.npmjs.org/@rollup%2frollup-linux-riscv64-gnu 47ms (cache hit)
npm http cache https://registry.npmjs.org/@rollup%2frollup-linux-s390x-gnu 38ms (cache hit)
npm http cache https://registry.npmjs.org/@rollup%2frollup-darwin-x64 36ms (cache hit)
npm http cache https://registry.npmjs.org/@rollup%2frollup-freebsd-x64 32ms (cache hit)
npm http cache https://registry.npmjs.org/@rollup%2frollup-win32-x64-gnu 38ms (cache hit)
npm http cache https://registry.npmjs.org/@rollup%2frollup-win32-x64-msvc 37ms (cache hit)
npm http cache https://registry.npmjs.org/@rollup%2frollup-linux-x64-gnu 34ms (cache hit)
npm http cache https://registry.npmjs.org/@rollup%2frollup-openbsd-x64 29ms (cache hit)
npm http cache https://registry.npmjs.org/@rollup%2frollup-openharmony-arm64 28ms (cache hit)
npm http cache https://registry.npmjs.org/@rollup%2frollup-linux-x64-musl 33ms (cache hit)
npm http fetch GET 200 https://registry.npmjs.org/vue 104ms (cache revalidated)
npm http cache https://registry.npmjs.org/@vue%2fcompiler-ssr 10ms (cache hit)
npm http cache https://registry.npmjs.org/@vue%2fcompiler-core 17ms (cache hit)
npm http cache https://registry.npmjs.org/estree-walker 21ms (cache hit)
npm http cache https://registry.npmjs.org/@vue%2fcompiler-core 28ms (cache hit)
npm http cache https://registry.npmjs.org/@babel%2fparser 35ms (cache hit)
npm http cache https://registry.npmjs.org/@vue%2fruntime-core 42ms (cache hit)
npm http cache https://registry.npmjs.org/@vue%2freactivity 48ms (cache hit)
npm http cache https://registry.npmjs.org/@vue%2fcompiler-ssr 53ms (cache hit)
npm http cache https://registry.npmjs.org/entities 1ms (cache hit)
npm http cache https://registry.npmjs.org/@babel%2ftypes 3ms (cache hit)
npm http cache https://registry.npmjs.org/@babel%2fhelper-string-parser 3ms (cache hit)
npm http cache https://registry.npmjs.org/@babel%2fhelper-validator-identifier 4ms (cache hit)
npm http cache https://registry.npmjs.org/is-weakmap 7ms (cache hit)
npm http cache https://registry.npmjs.org/async-function 8ms (cache hit)
npm http cache https://registry.npmjs.org/is-map 9ms (cache hit)
npm http cache https://registry.npmjs.org/is-weakset 10ms (cache hit)
npm http cache https://registry.npmjs.org/generator-function 10ms (cache hit)
npm http cache https://registry.npmjs.org/pathe 23ms (cache hit)
npm http cache https://registry.npmjs.org/@cspotcode%2fsource-map-support 20ms (cache hit)
npm http cache https://registry.npmjs.org/@esbuild%2fopenharmony-arm64 21ms (cache hit)
npm http cache https://registry.npmjs.org/youch 21ms (cache hit)
npm http cache https://registry.npmjs.org/rosie-skills-linux-x64 23ms (cache hit)
npm http cache https://registry.npmjs.org/undici 27ms (cache hit)
npm http cache https://registry.npmjs.org/rosie-skills-darwin-arm64 33ms (cache hit)
npm http cache https://registry.npmjs.org/ws 36ms (cache hit)
npm http cache https://registry.npmjs.org/rosie-skills-freebsd-x64 38ms (cache hit)
npm http cache https://registry.npmjs.org/@cloudflare%2fworkerd-darwin-arm64 25ms (cache hit)
npm http cache https://registry.npmjs.org/@cloudflare%2fworkerd-windows-64 44ms (cache hit)
npm http fetch GET 200 https://registry.npmjs.org/@cloudflare%2fworkerd-darwin-64 1768ms (cache updated)
npm http fetch GET 200 https://registry.npmjs.org/@cloudflare%2fworkerd-linux-arm64 2935ms (cache updated)
npm http fetch GET 200 https://registry.npmjs.org/@cloudflare%2fworkerd-linux-64 3315ms (cache updated)
npm http cache https://registry.npmjs.org/bufferutil 9ms (cache hit)
npm http cache https://registry.npmjs.org/utf-8-validate 2ms (cache hit)
npm http fetch GET 200 https://registry.npmjs.org/youch-core 257ms (cache revalidated)
npm http fetch GET 200 https://registry.npmjs.org/@speed-highlight%2fcore 271ms (cache revalidated)
npm http fetch GET 200 https://registry.npmjs.org/@poppinss%2fdumper 285ms (cache revalidated)
npm http fetch GET 200 https://registry.npmjs.org/@poppinss%2fcolors 292ms (cache revalidated)
npm http fetch GET 200 https://registry.npmjs.org/wrap-ansi 289ms (cache revalidated)
npm http fetch GET 200 https://registry.npmjs.org/get-east-asian-width 296ms (cache revalidated)
npm http fetch GET 200 https://registry.npmjs.org/error-stack-parser-es 284ms (cache revalidated)
npm http fetch GET 200 https://registry.npmjs.org/kleur 292ms (cache revalidated)
npm http fetch GET 200 https://registry.npmjs.org/@poppinss%2fexception 334ms (cache revalidated)
npm http fetch GET 200 https://registry.npmjs.org/@sindresorhus%2fis 1153ms (cache updated)
npm http fetch GET 200 https://registry.npmjs.org/@smithy%2fis-array-buffer 275ms (cache updated)
npm http fetch GET 200 https://registry.npmjs.org/@algolia%2fclient-search 1245ms (cache updated)
npm http fetch GET 200 https://registry.npmjs.org/@algolia%2fautocomplete-shared 300ms (cache revalidated)
npm http fetch GET 200 https://registry.npmjs.org/@algolia%2fautocomplete-plugin-algolia-insights 324ms (cache revalidated)
npm http fetch GET 200 https://registry.npmjs.org/@algolia%2fautocomplete-shared 788ms (cache revalidated)
npm http fetch GET 200 https://registry.npmjs.org/@algolia%2fabtesting 1202ms (cache updated)
npm http fetch GET 200 https://registry.npmjs.org/@algolia%2fclient-insights 2421ms (cache updated)
npm http fetch GET 200 https://registry.npmjs.org/@algolia%2fclient-personalization 2541ms (cache updated)
npm http fetch GET 200 https://registry.npmjs.org/@algolia%2fclient-query-suggestions 2692ms (cache updated)
npm http fetch GET 200 https://registry.npmjs.org/@algolia%2fclient-abtesting 3534ms (cache updated)
npm http fetch GET 200 https://registry.npmjs.org/@algolia%2fingestion 2601ms (cache updated)
npm http fetch GET 200 https://registry.npmjs.org/@algolia%2fmonitoring 1113ms (cache updated)
npm http fetch GET 200 https://registry.npmjs.org/@algolia%2fclient-common 4183ms (cache updated)
npm http fetch GET 200 https://registry.npmjs.org/@algolia%2fclient-analytics 4371ms (cache updated)
npm http fetch GET 200 https://registry.npmjs.org/@algolia%2frequester-browser-xhr 5340ms (cache updated)
npm http fetch GET 200 https://registry.npmjs.org/@algolia%2frequester-browser-xhr 2830ms (cache updated)
npm http fetch GET 200 https://registry.npmjs.org/@algolia%2frequester-fetch 3107ms (cache updated)
npm http fetch GET 200 https://registry.npmjs.org/@algolia%2frequester-node-http 6783ms (cache updated)
npm http fetch GET 200 https://registry.npmjs.org/@algolia%2frequester-fetch 7900ms (cache updated)
npm http fetch GET 200 https://registry.npmjs.org/@algolia%2frequester-node-http 4616ms (cache updated)
npm http fetch GET 200 https://registry.npmjs.org/@algolia%2fclient-common 8471ms (cache updated)
npm http fetch GET 200 https://registry.npmjs.org/@algolia%2frecommend 5747ms (cache updated)
npm http cache https://registry.npmjs.org/algoliasearch 6ms (cache hit)
npm http fetch GET 200 https://registry.npmjs.org/color-convert 54ms (cache revalidated)
npm http fetch GET 200 https://registry.npmjs.org/has-flag 62ms (cache revalidated)
npm http fetch GET 200 https://registry.npmjs.org/color-name 41ms (cache revalidated)
npm http fetch POST 200 https://registry.npmjs.org/-/npm/v1/security/advisories/bulk 526ms
npm http fetch GET 200 https://registry.npmjs.org/postcss 57ms (cache revalidated)
npm http fetch GET 200 https://registry.npmjs.org/vite 80ms (cache revalidated)
npm http fetch GET 200 https://registry.npmjs.org/esbuild 115ms (cache revalidated)
npm http fetch GET 200 https://registry.npmjs.org/next 92ms (cache revalidated)
npm http fetch GET 200 https://registry.npmjs.org/vitepress 54ms (cache revalidated)
npm http fetch GET 200 https://registry.npmjs.org/@vitejs%2fplugin-vue 68ms (cache revalidated)
npm http fetch GET 200 https://registry.npmjs.org/next-intl 59ms (cache revalidated)
npm http fetch GET 200 https://registry.npmjs.org/@next%2fthird-parties 142ms (cache revalidated)
npm http fetch GET 200 https://registry.npmjs.org/@opennextjs%2fcloudflare 383ms (cache revalidated)
npm http fetch GET 200 https://registry.npmjs.org/@opennextjs%2faws 457ms (cache revalidated)

up to date, audited 849 packages in 34s

235 packages are looking for funding
  run `npm fund` for details

6 moderate severity vulnerabilities

To address all issues possible (including breaking changes), run:
  npm audit fix --force

Some issues need review, and may require choosing
a different dependency.

Run `npm audit` for details.
npm verbose cwd /home/kirito/Documents/Informatique/Coding/CineRename/Siteweb/CineRenameLanding
npm verbose os Linux 6.8.0-117-generic
npm verbose node v22.22.0
npm verbose npm  v11.11.0
npm verbose exit 0
npm info ok
